// Jest Snapshot v1, https://goo.gl/fbAQLP

exports[`App component renders header and home component 1`] = `
<div>
  <div>
    <h1>
      Store
    </h1>
    <nav>
      <a
        href="/"
      >
        Home
      </a>
      <a
        href="/shop"
      >
        Products
      </a>
      <a
        href="/cart"
      >
        Cart
      </a>
    </nav>
  </div>
  <div>
    <h2>
      Welcome to the store
    </h2>
    <button>
      Shop Now!
    </button>
  </div>
</div>
`;

exports[`App component renders magnificent monkeys 1`] = `
<div>
  <div>
    <h1>
      Store
    </h1>
    <nav>
      <a
        href="/"
      >
        Home
      </a>
      <a
        href="/shop"
      >
        Products
      </a>
      <a
        href="/cart"
      >
        Cart
      </a>
    </nav>
  </div>
  <div>
    <h2>
      Welcome to the store
    </h2>
    <button>
      Shop Now!
    </button>
  </div>
</div>
`;
